
> dispatchiq-backend@1.0.0 dev
> node --watch server.js

(node:61124) ExperimentalWarning: Watch mode is an experimental feature and might change at any time
(Use `node --trace-warnings ...` to show where the warning was created)
[Store] Seeded: 18 drivers, 30 loads, 30 trips, 20 fuel receipts, 14 load board entries

  ╔══════════════════════════════════════════╗
  ║          DispatchIQ Backend v1.0         ║
  ╠══════════════════════════════════════════╣
  ║  Server:  http://localhost:3001          ║
  ║  API:     http://localhost:3001/api      ║
  ║  Health:  http://localhost:3001/api/health║
  ║  WebSocket: ws://localhost:3001         ║
  ╚══════════════════════════════════════════╝

[WebSocket] New connection
[WebSocket] Client registered: TEST-DRIVER-001 (driver)
[WebSocket] Client disconnected: TEST-DRIVER-001
[2026-04-19T08:07:15.027Z] POST /api/trips
[2026-04-19T08:07:15.534Z] POST /api/expenses
[Expense] Logged: fuel $45.5 for trip TRIP-001
[2026-04-19T08:07:16.042Z] GET /api/expenses/trip/TRIP-001
[2026-04-19T08:07:17.055Z] GET /api/expenses/stats
[2026-04-19T08:07:24.236Z] GET /api/drivers/DRV-001
[WebSocket] New connection
[WebSocket] Client registered: TEST-DRIVER-001 (driver)
[WebSocket] Client disconnected: TEST-DRIVER-001
[2026-04-19T08:07:24.918Z] POST /api/trips
[2026-04-19T08:07:25.421Z] POST /api/expenses
[Expense] Logged: fuel $45.5 for trip TRIP-001
[2026-04-19T08:07:25.925Z] GET /api/expenses/trip/TRIP-001
[2026-04-19T08:07:26.932Z] GET /api/expenses/stats
[2026-04-19T08:08:24.207Z] GET /api/drivers/DRV-001
[2026-04-19T08:08:50.585Z] GET /api/drivers/DRV-001
[2026-04-19T08:08:52.201Z] GET /api/drivers/DRV-001
[2026-04-19T08:09:03.175Z] GET /api/drivers/DRV-001
[2026-04-19T08:09:13.187Z] GET /api/drivers/DRV-001
[2026-04-19T08:09:23.169Z] GET /api/drivers/DRV-001
[2026-04-19T08:09:33.163Z] GET /api/drivers/DRV-001
[2026-04-19T08:09:43.196Z] GET /api/drivers/DRV-001
[2026-04-19T08:09:53.176Z] GET /api/drivers/DRV-001
[2026-04-19T08:10:24.284Z] GET /api/drivers/DRV-001
[2026-04-19T08:11:24.357Z] GET /api/drivers/DRV-001
[WebSocket] New connection
[WebSocket] New connection
[WebSocket] Client registered: dashboard-e2e-1776586286819 (dashboard)
[WebSocket] Client registered: driver-e2e-1776586286819 (driver)
[WebSocket] New connection
[WebSocket] New connection
[WebSocket] Client registered: dashboard-e2e-trip-1776586294820 (dashboard)
[WebSocket] Client registered: driver-e2e-trip-1776586294821 (driver)
[WebSocket] New connection
[WebSocket] New connection
[WebSocket] Client registered: dashboard-e2e-hos-1776586302823 (dashboard)
[WebSocket] Client registered: driver-e2e-hos-1776586302823 (driver)
[WebSocket] Client disconnected: driver-e2e-hos-1776586302823
[WebSocket] Client disconnected: dashboard-e2e-hos-1776586302823
[WebSocket] New connection
[WebSocket] New connection
[WebSocket] New connection
[WebSocket] New connection
[WebSocket] Client registered: dashboard-e2e-multi-1776586303842 (dashboard)
[WebSocket] Client registered: driver-e2e-multi-1-1776586303842 (driver)
[WebSocket] Client registered: driver-e2e-multi-2-1776586303843 (driver)
[WebSocket] Client registered: driver-e2e-multi-3-1776586303843 (driver)
[WebSocket] Client disconnected: dashboard-e2e-multi-1776586303842
[WebSocket] Client disconnected: driver-e2e-multi-2-1776586303843
[WebSocket] Client disconnected: driver-e2e-multi-1-1776586303842
[WebSocket] Client disconnected: driver-e2e-multi-3-1776586303843
[WebSocket] New connection
[WebSocket] Client registered: driver-e2e-reconnect-1776586311843 (driver)
[WebSocket] Client disconnected: driver-e2e-reconnect-1776586311843
[WebSocket] New connection
[WebSocket] Client registered: driver-e2e-reconnect-1776586311843-reconnected (driver)
[WebSocket] Client disconnected: driver-e2e-reconnect-1776586311843-reconnected
[WebSocket] Client disconnected: dashboard-e2e-1776586286819
[WebSocket] Client disconnected: driver-e2e-1776586286819
[WebSocket] Client disconnected: dashboard-e2e-trip-1776586294820
[WebSocket] Client disconnected: driver-e2e-trip-1776586294821
Restarting 'server.js'
[Store] Seeded: 18 drivers, 30 loads, 30 trips, 20 fuel receipts, 14 load board entries
node:events:489
      throw er; // Unhandled 'error' event
      ^

Error: listen EADDRINUSE: address already in use :::3001
    at Server.setupListenHandle [as _listen2] (node:net:1823:16)
    at listenInCluster (node:net:1871:12)
    at Server.listen (node:net:1959:7)
    at file:///Users/chetan/GlobeHack/backend/server.js:143:8
    at ModuleJob.run (node:internal/modules/esm/module_job:192:25)
Emitted 'error' event on WebSocketServer instance at:
    at Server.emit (node:events:511:28)
    at emitErrorNT (node:net:1850:8)
    at process.processTicksAndRejections (node:internal/process/task_queues:82:21) {
  code: 'EADDRINUSE',
  errno: -48,
  syscall: 'listen',
  address: '::',
  port: 3001
}

Node.js v20.2.0
Failed running 'server.js'
Restarting 'server.js'
[Store] Seeded: 18 drivers, 30 loads, 30 trips, 20 fuel receipts, 14 load board entries
node:events:489
      throw er; // Unhandled 'error' event
      ^

Error: listen EADDRINUSE: address already in use :::3001
    at Server.setupListenHandle [as _listen2] (node:net:1823:16)
    at listenInCluster (node:net:1871:12)
    at Server.listen (node:net:1959:7)
    at file:///Users/chetan/GlobeHack/backend/server.js:143:8
    at ModuleJob.run (node:internal/modules/esm/module_job:192:25)
Emitted 'error' event on WebSocketServer instance at:
    at Server.emit (node:events:511:28)
    at emitErrorNT (node:net:1850:8)
    at process.processTicksAndRejections (node:internal/process/task_queues:82:21) {
  code: 'EADDRINUSE',
  errno: -48,
  syscall: 'listen',
  address: '::',
  port: 3001
}

Node.js v20.2.0
Failed running 'server.js'
