0 verbose cli /usr/local/bin/node /usr/local/bin/npm
1 info using npm@11.11.0
2 info using node@v24.14.1
3 silly config load:file:/usr/local/lib/node_modules/npm/npmrc
4 silly config load:file:/Users/dhyey/Documents/GitHub/GlobeHack/web/.npmrc
5 silly config load:file:/Users/dhyey/.npmrc
6 silly config load:file:/usr/local/etc/npmrc
7 verbose title npm install socket.io-client framer-motion lucide-react axios
8 verbose argv "install" "socket.io-client" "framer-motion" "lucide-react" "axios" "--cache" "../server/.npm-cache"
9 verbose logfile logs-max:10 dir:/Users/dhyey/Documents/GitHub/GlobeHack/server/.npm-cache/_logs/2026-04-18T23_24_39_851Z-
10 verbose logfile /Users/dhyey/Documents/GitHub/GlobeHack/server/.npm-cache/_logs/2026-04-18T23_24_39_851Z-debug-0.log
11 silly logfile done cleaning log files
12 silly packumentCache heap:4496293888 maxSize:1124073472 maxEntrySize:562036736
13 silly idealTree buildDeps
14 silly fetch manifest socket.io-client@*
15 silly packumentCache full:https://registry.npmjs.org/socket.io-client cache-miss
16 http fetch GET 200 https://registry.npmjs.org/socket.io-client 258ms (cache miss)
17 silly packumentCache full:https://registry.npmjs.org/socket.io-client set size:undefined disposed:false
18 silly fetch manifest framer-motion@*
19 silly packumentCache full:https://registry.npmjs.org/framer-motion cache-miss
20 http fetch GET 200 https://registry.npmjs.org/framer-motion 160ms (cache miss)
21 silly packumentCache full:https://registry.npmjs.org/framer-motion set size:undefined disposed:false
22 silly fetch manifest @emotion/is-prop-valid@*
23 silly packumentCache full:https://registry.npmjs.org/@emotion%2fis-prop-valid cache-miss
24 http fetch GET 200 https://registry.npmjs.org/@emotion%2fis-prop-valid 90ms (cache miss)
25 silly packumentCache full:https://registry.npmjs.org/@emotion%2fis-prop-valid set size:undefined disposed:false
26 silly fetch manifest react@^19.2.4
27 silly packumentCache full:https://registry.npmjs.org/react cache-miss
28 http cache https://registry.npmjs.org/react 15ms (cache hit)
29 silly packumentCache full:https://registry.npmjs.org/react set size:6613874 disposed:false
30 silly fetch manifest react-dom@^19.2.4
31 silly packumentCache full:https://registry.npmjs.org/react-dom cache-miss
32 http cache https://registry.npmjs.org/react-dom 13ms (cache hit)
33 silly packumentCache full:https://registry.npmjs.org/react-dom set size:8805723 disposed:false
34 silly fetch manifest lucide-react@*
35 silly packumentCache full:https://registry.npmjs.org/lucide-react cache-miss
36 http fetch GET 200 https://registry.npmjs.org/lucide-react 148ms (cache miss)
37 silly packumentCache full:https://registry.npmjs.org/lucide-react set size:undefined disposed:false
38 silly fetch manifest axios@*
39 silly packumentCache full:https://registry.npmjs.org/axios cache-miss
40 http fetch GET 200 https://registry.npmjs.org/axios 49ms (cache miss)
41 silly packumentCache full:https://registry.npmjs.org/axios set size:undefined disposed:false
42 silly placeDep ROOT axios@1.15.0 OK for: web@0.0.0 want: *
43 silly placeDep ROOT framer-motion@12.38.0 OK for: web@0.0.0 want: *
44 silly placeDep ROOT lucide-react@1.8.0 OK for: web@0.0.0 want: *
45 silly placeDep ROOT socket.io-client@4.8.3 OK for: web@0.0.0 want: *
46 silly fetch manifest form-data@^4.0.5
47 silly packumentCache full:https://registry.npmjs.org/form-data cache-miss
48 silly fetch manifest proxy-from-env@^2.1.0
49 silly packumentCache full:https://registry.npmjs.org/proxy-from-env cache-miss
50 silly fetch manifest follow-redirects@^1.15.11
51 silly packumentCache full:https://registry.npmjs.org/follow-redirects cache-miss
52 silly fetch manifest motion-dom@^12.38.0
53 silly packumentCache full:https://registry.npmjs.org/motion-dom cache-miss
54 silly fetch manifest motion-utils@^12.36.0
55 silly packumentCache full:https://registry.npmjs.org/motion-utils cache-miss
56 silly fetch manifest @socket.io/component-emitter@~3.1.0
57 silly packumentCache full:https://registry.npmjs.org/@socket.io%2fcomponent-emitter cache-miss
58 silly fetch manifest engine.io-client@~6.6.1
59 silly packumentCache full:https://registry.npmjs.org/engine.io-client cache-miss
60 http cache https://registry.npmjs.org/@socket.io%2fcomponent-emitter 7ms (cache hit)
61 silly packumentCache full:https://registry.npmjs.org/@socket.io%2fcomponent-emitter set size:14099 disposed:false
62 silly fetch manifest socket.io-parser@~4.2.4
63 silly packumentCache full:https://registry.npmjs.org/socket.io-parser cache-miss
64 http cache https://registry.npmjs.org/socket.io-parser 2ms (cache hit)
65 silly packumentCache full:https://registry.npmjs.org/socket.io-parser set size:124220 disposed:false
66 http fetch GET 200 https://registry.npmjs.org/form-data 51ms (cache miss)
67 silly packumentCache full:https://registry.npmjs.org/form-data set size:undefined disposed:false
68 http fetch GET 200 https://registry.npmjs.org/follow-redirects 147ms (cache miss)
69 silly packumentCache full:https://registry.npmjs.org/follow-redirects set size:undefined disposed:false
70 http fetch GET 200 https://registry.npmjs.org/motion-utils 156ms (cache miss)
71 silly packumentCache full:https://registry.npmjs.org/motion-utils set size:undefined disposed:false
72 http fetch GET 200 https://registry.npmjs.org/proxy-from-env 157ms (cache miss)
73 silly packumentCache full:https://registry.npmjs.org/proxy-from-env set size:undefined disposed:false
74 http fetch GET 200 https://registry.npmjs.org/motion-dom 174ms (cache miss)
75 silly packumentCache full:https://registry.npmjs.org/motion-dom set size:undefined disposed:false
76 http fetch GET 200 https://registry.npmjs.org/engine.io-client 175ms (cache miss)
77 silly packumentCache full:https://registry.npmjs.org/engine.io-client set size:undefined disposed:false
78 silly placeDep ROOT follow-redirects@1.16.0 OK for: axios@1.15.0 want: ^1.15.11
79 silly placeDep ROOT form-data@4.0.5 OK for: axios@1.15.0 want: ^4.0.5
80 silly placeDep ROOT proxy-from-env@2.1.0 OK for: axios@1.15.0 want: ^2.1.0
81 silly fetch manifest asynckit@^0.4.0
82 silly packumentCache full:https://registry.npmjs.org/asynckit cache-miss
83 silly fetch manifest combined-stream@^1.0.8
84 silly packumentCache full:https://registry.npmjs.org/combined-stream cache-miss
85 silly fetch manifest es-set-tostringtag@^2.1.0
86 silly packumentCache full:https://registry.npmjs.org/es-set-tostringtag cache-miss
87 silly fetch manifest hasown@^2.0.2
88 silly packumentCache full:https://registry.npmjs.org/hasown cache-miss
89 silly fetch manifest mime-types@^2.1.12
90 silly packumentCache full:https://registry.npmjs.org/mime-types cache-miss
91 http cache https://registry.npmjs.org/hasown 4ms (cache hit)
92 silly packumentCache full:https://registry.npmjs.org/hasown set size:15429 disposed:false
93 http cache https://registry.npmjs.org/mime-types 4ms (cache hit)
94 silly packumentCache full:https://registry.npmjs.org/mime-types set size:139110 disposed:false
95 http fetch GET 200 https://registry.npmjs.org/asynckit 48ms (cache miss)
96 silly packumentCache full:https://registry.npmjs.org/asynckit set size:undefined disposed:false
97 http fetch GET 200 https://registry.npmjs.org/es-set-tostringtag 54ms (cache miss)
98 silly packumentCache full:https://registry.npmjs.org/es-set-tostringtag set size:undefined disposed:false
99 http fetch GET 200 https://registry.npmjs.org/combined-stream 54ms (cache miss)
100 silly packumentCache full:https://registry.npmjs.org/combined-stream set size:undefined disposed:false
101 silly placeDep ROOT asynckit@0.4.0 OK for: form-data@4.0.5 want: ^0.4.0
102 silly placeDep ROOT combined-stream@1.0.8 OK for: form-data@4.0.5 want: ^1.0.8
103 silly placeDep ROOT es-set-tostringtag@2.1.0 OK for: form-data@4.0.5 want: ^2.1.0
104 silly placeDep ROOT hasown@2.0.3 OK for: form-data@4.0.5 want: ^2.0.2
105 silly placeDep ROOT mime-types@2.1.35 OK for: form-data@4.0.5 want: ^2.1.12
106 silly fetch manifest delayed-stream@~1.0.0
107 silly packumentCache full:https://registry.npmjs.org/delayed-stream cache-miss
108 silly fetch manifest es-errors@^1.3.0
109 silly packumentCache full:https://registry.npmjs.org/es-errors cache-miss
110 silly fetch manifest get-intrinsic@^1.2.6
111 silly packumentCache full:https://registry.npmjs.org/get-intrinsic cache-miss
112 silly fetch manifest has-tostringtag@^1.0.2
113 silly packumentCache full:https://registry.npmjs.org/has-tostringtag cache-miss
114 silly fetch manifest function-bind@^1.1.2
115 silly packumentCache full:https://registry.npmjs.org/function-bind cache-miss
116 silly fetch manifest mime-db@1.52.0
117 silly packumentCache full:https://registry.npmjs.org/mime-db cache-miss
118 http cache https://registry.npmjs.org/get-intrinsic 4ms (cache hit)
119 silly packumentCache full:https://registry.npmjs.org/get-intrinsic set size:60985 disposed:false
120 http cache https://registry.npmjs.org/es-errors 5ms (cache hit)
121 silly packumentCache full:https://registry.npmjs.org/es-errors set size:16918 disposed:false
122 http cache https://registry.npmjs.org/function-bind 5ms (cache hit)
123 silly packumentCache full:https://registry.npmjs.org/function-bind set size:15733 disposed:false
124 http cache https://registry.npmjs.org/mime-db 6ms (cache hit)
125 silly packumentCache full:https://registry.npmjs.org/mime-db set size:164953 disposed:false
126 http fetch GET 200 https://registry.npmjs.org/has-tostringtag 54ms (cache miss)
127 silly packumentCache full:https://registry.npmjs.org/has-tostringtag set size:undefined disposed:false
128 http fetch GET 200 https://registry.npmjs.org/delayed-stream 63ms (cache miss)
129 silly packumentCache full:https://registry.npmjs.org/delayed-stream set size:undefined disposed:false
130 silly placeDep ROOT delayed-stream@1.0.0 OK for: combined-stream@1.0.8 want: ~1.0.0
131 silly placeDep ROOT es-errors@1.3.0 OK for: es-set-tostringtag@2.1.0 want: ^1.3.0
132 silly placeDep ROOT get-intrinsic@1.3.0 OK for: es-set-tostringtag@2.1.0 want: ^1.2.6
133 silly placeDep ROOT has-tostringtag@1.0.2 OK for: es-set-tostringtag@2.1.0 want: ^1.0.2
134 silly fetch manifest gopd@^1.2.0
135 silly packumentCache full:https://registry.npmjs.org/gopd cache-miss
136 silly fetch manifest get-proto@^1.0.1
137 silly packumentCache full:https://registry.npmjs.org/get-proto cache-miss
138 silly fetch manifest has-symbols@^1.1.0
139 silly packumentCache full:https://registry.npmjs.org/has-symbols cache-miss
140 silly fetch manifest es-object-atoms@^1.1.1
141 silly packumentCache full:https://registry.npmjs.org/es-object-atoms cache-miss
142 silly fetch manifest math-intrinsics@^1.1.0
143 silly packumentCache full:https://registry.npmjs.org/math-intrinsics cache-miss
144 silly fetch manifest es-define-property@^1.0.1
145 silly packumentCache full:https://registry.npmjs.org/es-define-property cache-miss
146 silly fetch manifest call-bind-apply-helpers@^1.0.2
147 silly packumentCache full:https://registry.npmjs.org/call-bind-apply-helpers cache-miss
148 http cache https://registry.npmjs.org/gopd 5ms (cache hit)
149 silly packumentCache full:https://registry.npmjs.org/gopd set size:11458 disposed:false
150 silly fetch manifest has-symbols@^1.0.3
151 silly packumentCache full:https://registry.npmjs.org/has-symbols cache-miss
152 http cache https://registry.npmjs.org/es-define-property 5ms (cache hit)
153 silly packumentCache full:https://registry.npmjs.org/es-define-property set size:8542 disposed:false
154 http cache https://registry.npmjs.org/get-proto 6ms (cache hit)
155 silly packumentCache full:https://registry.npmjs.org/get-proto set size:8300 disposed:false
156 http cache https://registry.npmjs.org/es-object-atoms 6ms (cache hit)
157 silly packumentCache full:https://registry.npmjs.org/es-object-atoms set size:15304 disposed:false
158 http cache https://registry.npmjs.org/has-symbols 6ms (cache hit)
159 silly packumentCache full:https://registry.npmjs.org/has-symbols set size:21550 disposed:false
160 http cache https://registry.npmjs.org/math-intrinsics 7ms (cache hit)
161 silly packumentCache full:https://registry.npmjs.org/math-intrinsics set size:9265 disposed:false
162 http cache https://registry.npmjs.org/call-bind-apply-helpers 7ms (cache hit)
163 silly packumentCache full:https://registry.npmjs.org/call-bind-apply-helpers set size:12744 disposed:false
164 http cache https://registry.npmjs.org/has-symbols 3ms (cache hit)
165 silly packumentCache full:https://registry.npmjs.org/has-symbols set size:21550 disposed:false
166 silly packumentCache full:https://registry.npmjs.org/has-symbols dispose
167 silly placeDep ROOT motion-dom@12.38.0 OK for: framer-motion@12.38.0 want: ^12.38.0
168 silly placeDep ROOT motion-utils@12.36.0 OK for: framer-motion@12.38.0 want: ^12.36.0
169 silly placeDep ROOT call-bind-apply-helpers@1.0.2 OK for: get-intrinsic@1.3.0 want: ^1.0.2
170 silly placeDep ROOT es-define-property@1.0.1 OK for: get-intrinsic@1.3.0 want: ^1.0.1
171 silly placeDep ROOT es-object-atoms@1.1.1 OK for: get-intrinsic@1.3.0 want: ^1.1.1
172 silly placeDep ROOT function-bind@1.1.2 OK for: get-intrinsic@1.3.0 want: ^1.1.2
173 silly placeDep ROOT get-proto@1.0.1 OK for: get-intrinsic@1.3.0 want: ^1.0.1
174 silly placeDep ROOT gopd@1.2.0 OK for: get-intrinsic@1.3.0 want: ^1.2.0
175 silly placeDep ROOT has-symbols@1.1.0 OK for: get-intrinsic@1.3.0 want: ^1.1.0
176 silly placeDep ROOT math-intrinsics@1.1.0 OK for: get-intrinsic@1.3.0 want: ^1.1.0
177 silly fetch manifest dunder-proto@^1.0.1
178 silly packumentCache full:https://registry.npmjs.org/dunder-proto cache-miss
179 http cache https://registry.npmjs.org/dunder-proto 1ms (cache hit)
180 silly packumentCache full:https://registry.npmjs.org/dunder-proto set size:8256 disposed:false
181 silly placeDep ROOT dunder-proto@1.0.1 OK for: get-proto@1.0.1 want: ^1.0.1
182 silly placeDep ROOT mime-db@1.52.0 OK for: mime-types@2.1.35 want: 1.52.0
183 silly placeDep ROOT @socket.io/component-emitter@3.1.2 OK for: socket.io-client@4.8.3 want: ~3.1.0
184 silly placeDep ROOT engine.io-client@6.6.4 OK for: socket.io-client@4.8.3 want: ~6.6.1
185 silly placeDep ROOT socket.io-parser@4.2.6 OK for: socket.io-client@4.8.3 want: ~4.2.4
186 silly fetch manifest engine.io-parser@~5.2.1
187 silly packumentCache full:https://registry.npmjs.org/engine.io-parser cache-miss
188 silly fetch manifest ws@~8.18.3
189 silly packumentCache full:https://registry.npmjs.org/ws cache-miss
190 silly fetch manifest xmlhttprequest-ssl@~2.1.1
191 silly packumentCache full:https://registry.npmjs.org/xmlhttprequest-ssl cache-miss
192 http cache https://registry.npmjs.org/engine.io-parser 4ms (cache hit)
193 silly packumentCache full:https://registry.npmjs.org/engine.io-parser set size:116455 disposed:false
194 http cache https://registry.npmjs.org/ws 5ms (cache hit)
195 silly packumentCache full:https://registry.npmjs.org/ws set size:415737 disposed:false
196 http fetch GET 200 https://registry.npmjs.org/xmlhttprequest-ssl 118ms (cache miss)
197 silly packumentCache full:https://registry.npmjs.org/xmlhttprequest-ssl set size:undefined disposed:false
198 silly fetch manifest bufferutil@^4.0.1
199 silly packumentCache full:https://registry.npmjs.org/bufferutil cache-miss
200 http cache https://registry.npmjs.org/bufferutil 3ms (cache hit)
201 silly packumentCache full:https://registry.npmjs.org/bufferutil set size:52763 disposed:false
202 silly fetch manifest utf-8-validate@>=5.0.2
203 silly packumentCache full:https://registry.npmjs.org/utf-8-validate cache-miss
204 http cache https://registry.npmjs.org/utf-8-validate 3ms (cache hit)
205 silly packumentCache full:https://registry.npmjs.org/utf-8-validate set size:77148 disposed:false
206 silly placeDep ROOT engine.io-parser@5.2.3 OK for: engine.io-client@6.6.4 want: ~5.2.1
207 silly placeDep ROOT ws@8.18.3 OK for: engine.io-client@6.6.4 want: ~8.18.3
208 silly placeDep ROOT xmlhttprequest-ssl@2.1.2 OK for: engine.io-client@6.6.4 want: ~2.1.1
209 silly reify moves {}
210 silly audit bulk request {
210 silly audit   '@babel/code-frame': [ '7.29.0' ],
210 silly audit   '@babel/compat-data': [ '7.29.0' ],
210 silly audit   '@babel/core': [ '7.29.0' ],
210 silly audit   '@babel/generator': [ '7.29.1' ],
210 silly audit   '@babel/helper-compilation-targets': [ '7.28.6' ],
210 silly audit   '@babel/helper-globals': [ '7.28.0' ],
210 silly audit   '@babel/helper-module-imports': [ '7.28.6' ],
210 silly audit   '@babel/helper-module-transforms': [ '7.28.6' ],
210 silly audit   '@babel/helper-string-parser': [ '7.27.1' ],
210 silly audit   '@babel/helper-validator-identifier': [ '7.28.5' ],
210 silly audit   '@babel/helper-validator-option': [ '7.27.1' ],
210 silly audit   '@babel/helpers': [ '7.29.2' ],
210 silly audit   '@babel/parser': [ '7.29.2' ],
210 silly audit   '@babel/template': [ '7.28.6' ],
210 silly audit   '@babel/traverse': [ '7.29.0' ],
210 silly audit   '@babel/types': [ '7.29.0' ],
210 silly audit   '@emnapi/core': [ '1.9.2' ],
210 silly audit   '@emnapi/runtime': [ '1.9.2' ],
210 silly audit   '@emnapi/wasi-threads': [ '1.2.1' ],
210 silly audit   '@eslint-community/eslint-utils': [ '4.9.1' ],
210 silly audit   'eslint-visitor-keys': [ '3.4.3', '4.2.1' ],
210 silly audit   '@eslint-community/regexpp': [ '4.12.2' ],
210 silly audit   '@eslint/config-array': [ '0.21.2' ],
210 silly audit   '@eslint/config-helpers': [ '0.4.2' ],
210 silly audit   '@eslint/core': [ '0.17.0' ],
210 silly audit   '@eslint/eslintrc': [ '3.3.5' ],
210 silly audit   globals: [ '14.0.0', '17.5.0' ],
210 silly audit   '@eslint/js': [ '9.39.4' ],
210 silly audit   '@eslint/object-schema': [ '2.1.7' ],
210 silly audit   '@eslint/plugin-kit': [ '0.4.1' ],
210 silly audit   '@humanfs/core': [ '0.19.2' ],
210 silly audit   '@humanfs/node': [ '0.16.8' ],
210 silly audit   '@humanfs/types': [ '0.15.0' ],
210 silly audit   '@humanwhocodes/module-importer': [ '1.0.1' ],
210 silly audit   '@humanwhocodes/retry': [ '0.4.3' ],
210 silly audit   '@jridgewell/gen-mapping': [ '0.3.13' ],
210 silly audit   '@jridgewell/remapping': [ '2.3.5' ],
210 silly audit   '@jridgewell/resolve-uri': [ '3.1.2' ],
210 silly audit   '@jridgewell/sourcemap-codec': [ '1.5.5' ],
210 silly audit   '@jridgewell/trace-mapping': [ '0.3.31' ],
210 silly audit   '@napi-rs/wasm-runtime': [ '1.1.4' ],
210 silly audit   '@oxc-project/types': [ '0.124.0' ],
210 silly audit   '@rolldown/binding-android-arm64': [ '1.0.0-rc.15' ],
210 silly audit   '@rolldown/binding-darwin-arm64': [ '1.0.0-rc.15' ],
210 silly audit   '@rolldown/binding-darwin-x64': [ '1.0.0-rc.15' ],
210 silly audit   '@rolldown/binding-freebsd-x64': [ '1.0.0-rc.15' ],
210 silly audit   '@rolldown/binding-linux-arm-gnueabihf': [ '1.0.0-rc.15' ],
210 silly audit   '@rolldown/binding-linux-arm64-gnu': [ '1.0.0-rc.15' ],
210 silly audit   '@rolldown/binding-linux-arm64-musl': [ '1.0.0-rc.15' ],
210 silly audit   '@rolldown/binding-linux-ppc64-gnu': [ '1.0.0-rc.15' ],
210 silly audit   '@rolldown/binding-linux-s390x-gnu': [ '1.0.0-rc.15' ],
210 silly audit   '@rolldown/binding-linux-x64-gnu': [ '1.0.0-rc.15' ],
210 silly audit   '@rolldown/binding-linux-x64-musl': [ '1.0.0-rc.15' ],
210 silly audit   '@rolldown/binding-openharmony-arm64': [ '1.0.0-rc.15' ],
210 silly audit   '@rolldown/binding-wasm32-wasi': [ '1.0.0-rc.15' ],
210 silly audit   '@rolldown/binding-win32-arm64-msvc': [ '1.0.0-rc.15' ],
210 silly audit   '@rolldown/binding-win32-x64-msvc': [ '1.0.0-rc.15' ],
210 silly audit   '@rolldown/pluginutils': [ '1.0.0-rc.7', '1.0.0-rc.15' ],
210 silly audit   '@tybys/wasm-util': [ '0.10.1' ],
210 silly audit   '@types/estree': [ '1.0.8' ],
210 silly audit   '@types/json-schema': [ '7.0.15' ],
210 silly audit   '@types/react': [ '19.2.14' ],
210 silly audit   '@types/react-dom': [ '19.2.3' ],
210 silly audit   '@vitejs/plugin-react': [ '6.0.1' ],
210 silly audit   acorn: [ '8.16.0' ],
210 silly audit   'acorn-jsx': [ '5.3.2' ],
210 silly audit   ajv: [ '6.14.0' ],
210 silly audit   'ansi-styles': [ '4.3.0' ],
210 silly audit   argparse: [ '2.0.1' ],
210 silly audit   'balanced-match': [ '1.0.2' ],
210 silly audit   'baseline-browser-mapping': [ '2.10.20' ],
210 silly audit   'brace-expansion': [ '1.1.14' ],
210 silly audit   browserslist: [ '4.28.2' ],
210 silly audit   callsites: [ '3.1.0' ],
210 silly audit   'caniuse-lite': [ '1.0.30001788' ],
210 silly audit   chalk: [ '4.1.2' ],
210 silly audit   'color-convert': [ '2.0.1' ],
210 silly audit   'color-name': [ '1.1.4' ],
210 silly audit   'concat-map': [ '0.0.1' ],
210 silly audit   'convert-source-map': [ '2.0.0' ],
210 silly audit   'cross-spawn': [ '7.0.6' ],
210 silly audit   csstype: [ '3.2.3' ],
210 silly audit   debug: [ '4.4.3' ],
210 silly audit   'deep-is': [ '0.1.4' ],
210 silly audit   'detect-libc': [ '2.1.2' ],
210 silly audit   'electron-to-chromium': [ '1.5.340' ],
210 silly audit   escalade: [ '3.2.0' ],
210 silly audit   'escape-string-regexp': [ '4.0.0' ],
210 silly audit   eslint: [ '9.39.4' ],
210 silly audit   'eslint-plugin-react-hooks': [ '7.1.1' ],
210 silly audit   'eslint-plugin-react-refresh': [ '0.5.2' ],
210 silly audit   'eslint-scope': [ '8.4.0' ],
210 silly audit   espree: [ '10.4.0' ],
210 silly audit   esquery: [ '1.7.0' ],
210 silly audit   esrecurse: [ '4.3.0' ],
210 silly audit   estraverse: [ '5.3.0' ],
210 silly audit   esutils: [ '2.0.3' ],
210 silly audit   'fast-deep-equal': [ '3.1.3' ],
210 silly audit   'fast-json-stable-stringify': [ '2.1.0' ],
210 silly audit   'fast-levenshtein': [ '2.0.6' ],
210 silly audit   fdir: [ '6.5.0' ],
210 silly audit   'file-entry-cache': [ '8.0.0' ],
210 silly audit   'find-up': [ '5.0.0' ],
210 silly audit   'flat-cache': [ '4.0.1' ],
210 silly audit   flatted: [ '3.4.2' ],
210 silly audit   fsevents: [ '2.3.3' ],
210 silly audit   gensync: [ '1.0.0-beta.2' ],
210 silly audit   'glob-parent': [ '6.0.2' ],
210 silly audit   'has-flag': [ '4.0.0' ],
210 silly audit   'hermes-estree': [ '0.25.1' ],
210 silly audit   'hermes-parser': [ '0.25.1' ],
210 silly audit   ignore: [ '5.3.2' ],
210 silly audit   'import-fresh': [ '3.3.1' ],
210 silly audit   imurmurhash: [ '0.1.4' ],
210 silly audit   'is-extglob': [ '2.1.1' ],
210 silly audit   'is-glob': [ '4.0.3' ],
210 silly audit   isexe: [ '2.0.0' ],
210 silly audit   'js-tokens': [ '4.0.0' ],
210 silly audit   'js-yaml': [ '4.1.1' ],
210 silly audit   jsesc: [ '3.1.0' ],
210 silly audit   'json-buffer': [ '3.0.1' ],
210 silly audit   'json-schema-traverse': [ '0.4.1' ],
210 silly audit   'json-stable-stringify-without-jsonify': [ '1.0.1' ],
210 silly audit   json5: [ '2.2.3' ],
210 silly audit   keyv: [ '4.5.4' ],
210 silly audit   levn: [ '0.4.1' ],
210 silly audit   lightningcss: [ '1.32.0' ],
210 silly audit   'lightningcss-android-arm64': [ '1.32.0' ],
210 silly audit   'lightningcss-darwin-arm64': [ '1.32.0' ],
210 silly audit   'lightningcss-darwin-x64': [ '1.32.0' ],
210 silly audit   'lightningcss-freebsd-x64': [ '1.32.0' ],
210 silly audit   'lightningcss-linux-arm-gnueabihf': [ '1.32.0' ],
210 silly audit   'lightningcss-linux-arm64-gnu': [ '1.32.0' ],
210 silly audit   'lightningcss-linux-arm64-musl': [ '1.32.0' ],
210 silly audit   'lightningcss-linux-x64-gnu': [ '1.32.0' ],
210 silly audit   'lightningcss-linux-x64-musl': [ '1.32.0' ],
210 silly audit   'lightningcss-win32-arm64-msvc': [ '1.32.0' ],
210 silly audit   'lightningcss-win32-x64-msvc': [ '1.32.0' ],
210 silly audit   'locate-path': [ '6.0.0' ],
210 silly audit   'lodash.merge': [ '4.6.2' ],
210 silly audit   'lru-cache': [ '5.1.1' ],
210 silly audit   minimatch: [ '3.1.5' ],
210 silly audit   ms: [ '2.1.3' ],
210 silly audit   nanoid: [ '3.3.11' ],
210 silly audit   'natural-compare': [ '1.4.0' ],
210 silly audit   'node-releases': [ '2.0.37' ],
210 silly audit   optionator: [ '0.9.4' ],
210 silly audit   'p-limit': [ '3.1.0' ],
210 silly audit   'p-locate': [ '5.0.0' ],
210 silly audit   'parent-module': [ '1.0.1' ],
210 silly audit   'path-exists': [ '4.0.0' ],
210 silly audit   'path-key': [ '3.1.1' ],
210 silly audit   picocolors: [ '1.1.1' ],
210 silly audit   picomatch: [ '4.0.4' ],
210 silly audit   postcss: [ '8.5.10' ],
210 silly audit   'prelude-ls': [ '1.2.1' ],
210 silly audit   punycode: [ '2.3.1' ],
210 silly audit   react: [ '19.2.5' ],
210 silly audit   'react-dom': [ '19.2.5' ],
210 silly audit   'resolve-from': [ '4.0.0' ],
210 silly audit   rolldown: [ '1.0.0-rc.15' ],
210 silly audit   scheduler: [ '0.27.0' ],
210 silly audit   semver: [ '6.3.1' ],
210 silly audit   'shebang-command': [ '2.0.0' ],
210 silly audit   'shebang-regex': [ '3.0.0' ],
210 silly audit   'source-map-js': [ '1.2.1' ],
210 silly audit   'strip-json-comments': [ '3.1.1' ],
210 silly audit   'supports-color': [ '7.2.0' ],
210 silly audit   tinyglobby: [ '0.2.16' ],
210 silly audit   tslib: [ '2.8.1' ],
210 silly audit   'type-check': [ '0.4.0' ],
210 silly audit   'update-browserslist-db': [ '1.2.3' ],
210 silly audit   'uri-js': [ '4.4.1' ],
210 silly audit   vite: [ '8.0.8' ],
210 silly audit   which: [ '2.0.2' ],
210 silly audit   'word-wrap': [ '1.2.5' ],
210 silly audit   yallist: [ '3.1.1' ],
210 silly audit   'yocto-queue': [ '0.1.0' ],
210 silly audit   zod: [ '4.3.6' ],
210 silly audit   'zod-validation-error': [ '4.0.2' ],
210 silly audit   axios: [ '1.15.0' ],
210 silly audit   'framer-motion': [ '12.38.0' ],
210 silly audit   'lucide-react': [ '1.8.0' ],
210 silly audit   'socket.io-client': [ '4.8.3' ],
210 silly audit   'follow-redirects': [ '1.16.0' ],
210 silly audit   'form-data': [ '4.0.5' ],
210 silly audit   'proxy-from-env': [ '2.1.0' ],
210 silly audit   asynckit: [ '0.4.0' ],
210 silly audit   'combined-stream': [ '1.0.8' ],
210 silly audit   'es-set-tostringtag': [ '2.1.0' ],
210 silly audit   hasown: [ '2.0.3' ],
210 silly audit   'mime-types': [ '2.1.35' ],
210 silly audit   'delayed-stream': [ '1.0.0' ],
210 silly audit   'es-errors': [ '1.3.0' ],
210 silly audit   'get-intrinsic': [ '1.3.0' ],
210 silly audit   'has-tostringtag': [ '1.0.2' ],
210 silly audit   'motion-dom': [ '12.38.0' ],
210 silly audit   'motion-utils': [ '12.36.0' ],
210 silly audit   'call-bind-apply-helpers': [ '1.0.2' ],
210 silly audit   'es-define-property': [ '1.0.1' ],
210 silly audit   'es-object-atoms': [ '1.1.1' ],
210 silly audit   'function-bind': [ '1.1.2' ],
210 silly audit   'get-proto': [ '1.0.1' ],
210 silly audit   gopd: [ '1.2.0' ],
210 silly audit   'has-symbols': [ '1.1.0' ],
210 silly audit   'math-intrinsics': [ '1.1.0' ],
210 silly audit   'dunder-proto': [ '1.0.1' ],
210 silly audit   'mime-db': [ '1.52.0' ],
210 silly audit   '@socket.io/component-emitter': [ '3.1.2' ],
210 silly audit   'engine.io-client': [ '6.6.4' ],
210 silly audit   'socket.io-parser': [ '4.2.6' ],
210 silly audit   'engine.io-parser': [ '5.2.3' ],
210 silly audit   ws: [ '8.18.3' ],
210 silly audit   'xmlhttprequest-ssl': [ '2.1.2' ]
210 silly audit }
211 http cache xmlhttprequest-ssl@https://registry.npmjs.org/xmlhttprequest-ssl/-/xmlhttprequest-ssl-2.1.2.tgz 0ms (cache hit)
212 http cache engine.io-parser@https://registry.npmjs.org/engine.io-parser/-/engine.io-parser-5.2.3.tgz 0ms (cache hit)
213 http cache engine.io-client@https://registry.npmjs.org/engine.io-client/-/engine.io-client-6.6.4.tgz 0ms (cache hit)
214 http cache ws@https://registry.npmjs.org/ws/-/ws-8.18.3.tgz 0ms (cache hit)
215 http cache socket.io-parser@https://registry.npmjs.org/socket.io-parser/-/socket.io-parser-4.2.6.tgz 0ms (cache hit)
216 http cache @socket.io/component-emitter@https://registry.npmjs.org/@socket.io/component-emitter/-/component-emitter-3.1.2.tgz 0ms (cache hit)
217 http cache mime-db@https://registry.npmjs.org/mime-db/-/mime-db-1.52.0.tgz 0ms (cache hit)
218 http cache dunder-proto@https://registry.npmjs.org/dunder-proto/-/dunder-proto-1.0.1.tgz 0ms (cache hit)
219 http cache has-symbols@https://registry.npmjs.org/has-symbols/-/has-symbols-1.1.0.tgz 0ms (cache hit)
220 http cache gopd@https://registry.npmjs.org/gopd/-/gopd-1.2.0.tgz 0ms (cache hit)
221 http cache get-proto@https://registry.npmjs.org/get-proto/-/get-proto-1.0.1.tgz 0ms (cache hit)
222 http cache es-object-atoms@https://registry.npmjs.org/es-object-atoms/-/es-object-atoms-1.1.1.tgz 0ms (cache hit)
223 http cache function-bind@https://registry.npmjs.org/function-bind/-/function-bind-1.1.2.tgz 0ms (cache hit)
224 http cache es-define-property@https://registry.npmjs.org/es-define-property/-/es-define-property-1.0.1.tgz 0ms (cache hit)
225 http cache call-bind-apply-helpers@https://registry.npmjs.org/call-bind-apply-helpers/-/call-bind-apply-helpers-1.0.2.tgz 0ms (cache hit)
226 http cache motion-utils@https://registry.npmjs.org/motion-utils/-/motion-utils-12.36.0.tgz 0ms (cache hit)
227 http cache motion-dom@https://registry.npmjs.org/motion-dom/-/motion-dom-12.38.0.tgz 0ms (cache hit)
228 http cache has-tostringtag@https://registry.npmjs.org/has-tostringtag/-/has-tostringtag-1.0.2.tgz 0ms (cache hit)
229 http cache get-intrinsic@https://registry.npmjs.org/get-intrinsic/-/get-intrinsic-1.3.0.tgz 0ms (cache hit)
230 http cache es-errors@https://registry.npmjs.org/es-errors/-/es-errors-1.3.0.tgz 0ms (cache hit)
231 http cache delayed-stream@https://registry.npmjs.org/delayed-stream/-/delayed-stream-1.0.0.tgz 0ms (cache hit)
232 http cache mime-types@https://registry.npmjs.org/mime-types/-/mime-types-2.1.35.tgz 0ms (cache hit)
233 http cache hasown@https://registry.npmjs.org/hasown/-/hasown-2.0.3.tgz 0ms (cache hit)
234 http cache es-set-tostringtag@https://registry.npmjs.org/es-set-tostringtag/-/es-set-tostringtag-2.1.0.tgz 0ms (cache hit)
235 http cache combined-stream@https://registry.npmjs.org/combined-stream/-/combined-stream-1.0.8.tgz 0ms (cache hit)
236 http cache asynckit@https://registry.npmjs.org/asynckit/-/asynckit-0.4.0.tgz 0ms (cache hit)
237 http cache proxy-from-env@https://registry.npmjs.org/proxy-from-env/-/proxy-from-env-2.1.0.tgz 1ms (cache hit)
238 http cache math-intrinsics@https://registry.npmjs.org/math-intrinsics/-/math-intrinsics-1.1.0.tgz 0ms (cache hit)
239 http cache socket.io-client@https://registry.npmjs.org/socket.io-client/-/socket.io-client-4.8.3.tgz 0ms (cache hit)
240 http cache lucide-react@https://registry.npmjs.org/lucide-react/-/lucide-react-1.8.0.tgz 0ms (cache hit)
241 http cache framer-motion@https://registry.npmjs.org/framer-motion/-/framer-motion-12.38.0.tgz 0ms (cache hit)
242 http cache axios@https://registry.npmjs.org/axios/-/axios-1.15.0.tgz 0ms (cache hit)
243 http cache form-data@https://registry.npmjs.org/form-data/-/form-data-4.0.5.tgz 0ms (cache hit)
244 http cache tslib@https://registry.npmjs.org/tslib/-/tslib-2.8.1.tgz 0ms (cache hit)
245 http cache follow-redirects@https://registry.npmjs.org/follow-redirects/-/follow-redirects-1.16.0.tgz 0ms (cache hit)
246 http cache fsevents@https://registry.npmjs.org/fsevents/-/fsevents-2.3.3.tgz 0ms (cache hit)
247 silly tarball no local data for xmlhttprequest-ssl@https://registry.npmjs.org/xmlhttprequest-ssl/-/xmlhttprequest-ssl-2.1.2.tgz. Extracting by manifest.
248 silly tarball no local data for engine.io-client@https://registry.npmjs.org/engine.io-client/-/engine.io-client-6.6.4.tgz. Extracting by manifest.
249 silly tarball no local data for motion-utils@https://registry.npmjs.org/motion-utils/-/motion-utils-12.36.0.tgz. Extracting by manifest.
250 silly tarball no local data for motion-dom@https://registry.npmjs.org/motion-dom/-/motion-dom-12.38.0.tgz. Extracting by manifest.
251 silly tarball no local data for has-tostringtag@https://registry.npmjs.org/has-tostringtag/-/has-tostringtag-1.0.2.tgz. Extracting by manifest.
252 silly tarball no local data for delayed-stream@https://registry.npmjs.org/delayed-stream/-/delayed-stream-1.0.0.tgz. Extracting by manifest.
253 silly tarball no local data for es-set-tostringtag@https://registry.npmjs.org/es-set-tostringtag/-/es-set-tostringtag-2.1.0.tgz. Extracting by manifest.
254 silly tarball no local data for combined-stream@https://registry.npmjs.org/combined-stream/-/combined-stream-1.0.8.tgz. Extracting by manifest.
255 silly tarball no local data for asynckit@https://registry.npmjs.org/asynckit/-/asynckit-0.4.0.tgz. Extracting by manifest.
256 silly tarball no local data for proxy-from-env@https://registry.npmjs.org/proxy-from-env/-/proxy-from-env-2.1.0.tgz. Extracting by manifest.
257 silly tarball no local data for socket.io-client@https://registry.npmjs.org/socket.io-client/-/socket.io-client-4.8.3.tgz. Extracting by manifest.
258 silly tarball no local data for lucide-react@https://registry.npmjs.org/lucide-react/-/lucide-react-1.8.0.tgz. Extracting by manifest.
259 silly tarball no local data for framer-motion@https://registry.npmjs.org/framer-motion/-/framer-motion-12.38.0.tgz. Extracting by manifest.
260 silly tarball no local data for axios@https://registry.npmjs.org/axios/-/axios-1.15.0.tgz. Extracting by manifest.
261 silly tarball no local data for form-data@https://registry.npmjs.org/form-data/-/form-data-4.0.5.tgz. Extracting by manifest.
262 silly tarball no local data for tslib@https://registry.npmjs.org/tslib/-/tslib-2.8.1.tgz. Extracting by manifest.
263 silly tarball no local data for follow-redirects@https://registry.npmjs.org/follow-redirects/-/follow-redirects-1.16.0.tgz. Extracting by manifest.
264 http fetch GET 200 https://registry.npmjs.org/xmlhttprequest-ssl/-/xmlhttprequest-ssl-2.1.2.tgz 51ms (cache miss)
265 http fetch GET 200 https://registry.npmjs.org/has-tostringtag/-/has-tostringtag-1.0.2.tgz 61ms (cache miss)
266 http fetch POST 200 https://registry.npmjs.org/-/npm/v1/security/advisories/bulk 80ms
267 silly audit report {}
268 http fetch GET 200 https://registry.npmjs.org/motion-utils/-/motion-utils-12.36.0.tgz 85ms (cache miss)
269 http fetch GET 200 https://registry.npmjs.org/engine.io-client/-/engine.io-client-6.6.4.tgz 96ms (cache miss)
270 http fetch GET 200 https://registry.npmjs.org/form-data/-/form-data-4.0.5.tgz 102ms (cache miss)
271 http fetch GET 200 https://registry.npmjs.org/tslib/-/tslib-2.8.1.tgz 106ms (cache miss)
272 http fetch GET 200 https://registry.npmjs.org/follow-redirects/-/follow-redirects-1.16.0.tgz 130ms (cache miss)
273 http fetch GET 200 https://registry.npmjs.org/asynckit/-/asynckit-0.4.0.tgz 148ms (cache miss)
274 http fetch GET 200 https://registry.npmjs.org/delayed-stream/-/delayed-stream-1.0.0.tgz 156ms (cache miss)
275 http fetch GET 200 https://registry.npmjs.org/combined-stream/-/combined-stream-1.0.8.tgz 167ms (cache miss)
276 http fetch GET 200 https://registry.npmjs.org/proxy-from-env/-/proxy-from-env-2.1.0.tgz 182ms (cache miss)
277 http fetch GET 200 https://registry.npmjs.org/es-set-tostringtag/-/es-set-tostringtag-2.1.0.tgz 187ms (cache miss)
278 http fetch GET 200 https://registry.npmjs.org/socket.io-client/-/socket.io-client-4.8.3.tgz 239ms (cache miss)
279 http fetch GET 200 https://registry.npmjs.org/axios/-/axios-1.15.0.tgz 276ms (cache miss)
280 http fetch GET 200 https://registry.npmjs.org/motion-dom/-/motion-dom-12.38.0.tgz 321ms (cache miss)
281 http fetch GET 200 https://registry.npmjs.org/framer-motion/-/framer-motion-12.38.0.tgz 387ms (cache miss)
282 http fetch GET 200 https://registry.npmjs.org/lucide-react/-/lucide-react-1.8.0.tgz 864ms (cache miss)
283 silly ADD node_modules/xmlhttprequest-ssl
284 silly ADD node_modules/ws
285 silly ADD node_modules/engine.io-parser
286 silly ADD node_modules/socket.io-parser
287 silly ADD node_modules/engine.io-client
288 silly ADD node_modules/@socket.io/component-emitter
289 silly ADD node_modules/mime-db
290 silly ADD node_modules/dunder-proto
291 silly ADD node_modules/math-intrinsics
292 silly ADD node_modules/has-symbols
293 silly ADD node_modules/gopd
294 silly ADD node_modules/get-proto
295 silly ADD node_modules/function-bind
296 silly ADD node_modules/es-object-atoms
297 silly ADD node_modules/es-define-property
298 silly ADD node_modules/call-bind-apply-helpers
299 silly ADD node_modules/motion-utils
300 silly ADD node_modules/motion-dom
301 silly ADD node_modules/has-tostringtag
302 silly ADD node_modules/get-intrinsic
303 silly ADD node_modules/es-errors
304 silly ADD node_modules/delayed-stream
305 silly ADD node_modules/mime-types
306 silly ADD node_modules/hasown
307 silly ADD node_modules/es-set-tostringtag
308 silly ADD node_modules/combined-stream
309 silly ADD node_modules/asynckit
310 silly ADD node_modules/proxy-from-env
311 silly ADD node_modules/form-data
312 silly ADD node_modules/follow-redirects
313 silly ADD node_modules/socket.io-client
314 silly ADD node_modules/lucide-react
315 silly ADD node_modules/framer-motion
316 silly ADD node_modules/axios
317 silly ADD node_modules/tslib
318 silly ADD node_modules/fsevents
319 verbose cwd /Users/dhyey/Documents/GitHub/GlobeHack/web
320 verbose os Darwin 25.3.0
321 verbose node v24.14.1
322 verbose npm  v11.11.0
323 verbose exit 0
324 info ok
